<?xml version="1.0" encoding="UTF-8"?>
<!--   Ordt 190725.01 autogenerated file 
       Input: ./rdl_fieldstruct/test.rdl
       Parms: ./rdl_fieldstruct/test.parms
       Date: Sun Nov 17 17:08:17 EST 2019
 -->

<map version="190725.01">
  <id>foo</id>
  <baseaddr>0</baseaddr>
  <shorttext>foo registers</shorttext>
  <reg>
    <id>areg</id>
    <shorttext>areg register</shorttext>
    <baseaddr>0x0</baseaddr>
    <width>32</width>
    <reps>2</reps>
    <stride>0x4</stride>
    <field>
      <id>hier_fs_fs1_fld1</id>
      <shorttext>hier_fs_fs1_fld1 field</shorttext>
      <access>RW</access>
      <hwinfo>
        <hwaccess>rw</hwaccess>
        <we></we>
      </hwinfo>
      <reset>0</reset>
      <lowidx>0</lowidx>
      <width>4</width>
      <hwmod></hwmod>
    </field>
    <field>
      <id>hier_fs_fs1_fld2</id>
      <shorttext>hier_fs_fs1_fld2 field</shorttext>
      <access>RW</access>
      <hwinfo>
        <hwaccess>r</hwaccess>
      </hwinfo>
      <lowidx>4</lowidx>
      <width>1</width>
    </field>
    <field>
      <id>hier_fs_fld1</id>
      <shorttext>hier_fs_fld1 field</shorttext>
      <access>RW</access>
      <hwinfo>
        <hwaccess>r</hwaccess>
      </hwinfo>
      <lowidx>5</lowidx>
      <width>1</width>
    </field>
    <field>
      <id>hier_fs_fs2_fld1</id>
      <shorttext>hier_fs_fs2_fld1 field</shorttext>
      <access>RW</access>
      <hwinfo>
        <hwaccess>rw</hwaccess>
        <we></we>
      </hwinfo>
      <reset>0</reset>
      <lowidx>6</lowidx>
      <width>4</width>
      <hwmod></hwmod>
    </field>
    <field>
      <id>hier_fs_fs2_fld2</id>
      <shorttext>hier_fs_fs2_fld2 field</shorttext>
      <access>RW</access>
      <hwinfo>
        <hwaccess>r</hwaccess>
      </hwinfo>
      <lowidx>14</lowidx>
      <width>1</width>
    </field>
    <field>
      <id>fs3_fld1</id>
      <shorttext>fs3_fld1 field</shorttext>
      <access>RW</access>
      <hwinfo>
        <hwaccess>rw</hwaccess>
        <we></we>
      </hwinfo>
      <reset>0</reset>
      <lowidx>24</lowidx>
      <width>4</width>
      <hwmod></hwmod>
    </field>
    <field>
      <id>fs3_fld2</id>
      <shorttext>fs3_fld2 field</shorttext>
      <access>RW</access>
      <hwinfo>
        <hwaccess>r</hwaccess>
      </hwinfo>
      <lowidx>28</lowidx>
      <width>1</width>
    </field>
    <access>RW</access>
  </reg>
  <reg>
    <id>blabla</id>
    <shorttext>blabla register</shorttext>
    <baseaddr>0x8</baseaddr>
    <width>32</width>
    <field>
      <id>fs1_0_fld1</id>
      <shorttext>fs1_0_fld1 field</shorttext>
      <access>RW</access>
      <hwinfo>
        <hwaccess>rw</hwaccess>
        <we></we>
      </hwinfo>
      <reset>0</reset>
      <lowidx>0</lowidx>
      <width>4</width>
      <hwmod></hwmod>
    </field>
    <field>
      <id>fs1_0_fld2</id>
      <shorttext>fs1_0_fld2 field</shorttext>
      <access>RW</access>
      <hwinfo>
        <hwaccess>r</hwaccess>
      </hwinfo>
      <lowidx>4</lowidx>
      <width>1</width>
    </field>
    <field>
      <id>fs1_1_fld1</id>
      <shorttext>fs1_1_fld1 field</shorttext>
      <access>RW</access>
      <hwinfo>
        <hwaccess>rw</hwaccess>
        <we></we>
      </hwinfo>
      <reset>0</reset>
      <lowidx>5</lowidx>
      <width>4</width>
      <hwmod></hwmod>
    </field>
    <field>
      <id>fs1_1_fld2</id>
      <shorttext>fs1_1_fld2 field</shorttext>
      <access>RW</access>
      <hwinfo>
        <hwaccess>r</hwaccess>
      </hwinfo>
      <lowidx>9</lowidx>
      <width>1</width>
    </field>
    <field>
      <id>fs1_2_fld1</id>
      <shorttext>fs1_2_fld1 field</shorttext>
      <access>RW</access>
      <hwinfo>
        <hwaccess>rw</hwaccess>
        <we></we>
      </hwinfo>
      <reset>0</reset>
      <lowidx>10</lowidx>
      <width>4</width>
      <hwmod></hwmod>
    </field>
    <field>
      <id>fs1_2_fld2</id>
      <shorttext>fs1_2_fld2 field</shorttext>
      <access>RW</access>
      <hwinfo>
        <hwaccess>r</hwaccess>
      </hwinfo>
      <lowidx>14</lowidx>
      <width>1</width>
    </field>
    <field>
      <id>fs3_0_fld1</id>
      <shorttext>fs3_0_fld1 field</shorttext>
      <access>RW</access>
      <hwinfo>
        <hwaccess>rw</hwaccess>
        <we></we>
      </hwinfo>
      <reset>0</reset>
      <lowidx>15</lowidx>
      <width>4</width>
      <hwmod></hwmod>
    </field>
    <field>
      <id>fs3_0_fld2</id>
      <shorttext>fs3_0_fld2 field</shorttext>
      <access>RW</access>
      <hwinfo>
        <hwaccess>r</hwaccess>
      </hwinfo>
      <lowidx>19</lowidx>
      <width>1</width>
    </field>
    <field>
      <id>fs3_1_fld1</id>
      <shorttext>fs3_1_fld1 field</shorttext>
      <access>RW</access>
      <hwinfo>
        <hwaccess>rw</hwaccess>
        <we></we>
      </hwinfo>
      <reset>0</reset>
      <lowidx>23</lowidx>
      <width>4</width>
      <hwmod></hwmod>
    </field>
    <field>
      <id>fs3_1_fld2</id>
      <shorttext>fs3_1_fld2 field</shorttext>
      <access>RW</access>
      <hwinfo>
        <hwaccess>r</hwaccess>
      </hwinfo>
      <lowidx>27</lowidx>
      <width>1</width>
    </field>
    <access>RW</access>
  </reg>
</map>
