<?xml version="1.0" encoding="UTF-8"?>
<!--   Ordt 190725.01 autogenerated file 
       Input: ./rdl_hier_01/test.rdl
       Parms: ./rdl_hier_01/test.parms
       Date: Sun Nov 17 17:08:19 EST 2019
 -->

<map version="190725.01">
  <id>base_map</id>
  <baseaddr>0x0</baseaddr>
  <shorttext>L1 regs</shorttext>
  <regset>
    <id>base_regs</id>
    <shorttext>base_regs registers</shorttext>
    <baseaddr>0x0</baseaddr>
    <reg>
      <id>config_regs</id>
      <parentpath>base_regs</parentpath>
      <shorttext>Config reg set  config_regs</shorttext>
      <baseaddr>0x0</baseaddr>
      <width>32</width>
      <reps>8</reps>
      <stride>0x4</stride>
      <field>
        <id>lsb_field</id>
        <shorttext>Bunch o lsb bits</shorttext>
        <access>RW</access>
        <hwinfo>
          <hwaccess>r</hwaccess>
        </hwinfo>
        <reset>ffff</reset>
        <lowidx>0</lowidx>
        <width>16</width>
      </field>
      <field>
        <id>msb_field</id>
        <shorttext>Bunch o msb bits</shorttext>
        <access>RW</access>
        <hwinfo>
          <hwaccess>r</hwaccess>
        </hwinfo>
        <reset>0</reset>
        <lowidx>16</lowidx>
        <width>16</width>
      </field>
      <access>RW</access>
    </reg>
    <reg>
      <id>state_regs</id>
      <parentpath>base_regs</parentpath>
      <shorttext>State regs</shorttext>
      <baseaddr>0x100</baseaddr>
      <width>32</width>
      <reps>8</reps>
      <stride>0x4</stride>
      <field>
        <id>lsb_field</id>
        <shorttext>Some state bits</shorttext>
        <access>RO</access>
        <hwinfo>
          <hwaccess>w</hwaccess>
        </hwinfo>
        <reset>ffff</reset>
        <lowidx>0</lowidx>
        <width>16</width>
        <hwmod></hwmod>
      </field>
      <access>RO</access>
    </reg>
    <highaddr>0x11f</highaddr>
  </regset>
  <regset>
    <id>ext_base_regs</id>
    <shorttext>ext_base_regs registers</shorttext>
    <baseaddr>0x10000</baseaddr>
    <extroot>1</extroot>
    <reg>
      <id>config_regs</id>
      <parentpath>ext_base_regs</parentpath>
      <shorttext>Config reg set  config_regs</shorttext>
      <baseaddr>0x10000</baseaddr>
      <width>32</width>
      <reps>8</reps>
      <stride>0x4</stride>
      <field>
        <id>lsb_field</id>
        <shorttext>Bunch o lsb bits</shorttext>
        <access>RW</access>
        <hwinfo>
          <hwaccess>r</hwaccess>
        </hwinfo>
        <reset>ffff</reset>
        <lowidx>0</lowidx>
        <width>16</width>
      </field>
      <field>
        <id>msb_field</id>
        <shorttext>Bunch o msb bits</shorttext>
        <access>RW</access>
        <hwinfo>
          <hwaccess>r</hwaccess>
        </hwinfo>
        <reset>0</reset>
        <lowidx>16</lowidx>
        <width>16</width>
      </field>
      <access>RW</access>
    </reg>
    <reg>
      <id>state_regs</id>
      <parentpath>ext_base_regs</parentpath>
      <shorttext>State regs</shorttext>
      <baseaddr>0x10100</baseaddr>
      <width>32</width>
      <reps>8</reps>
      <stride>0x4</stride>
      <field>
        <id>lsb_field</id>
        <shorttext>Some state bits</shorttext>
        <access>RO</access>
        <hwinfo>
          <hwaccess>w</hwaccess>
        </hwinfo>
        <reset>ffff</reset>
        <lowidx>0</lowidx>
        <width>16</width>
        <hwmod></hwmod>
      </field>
      <access>RO</access>
    </reg>
    <highaddr>0x1011f</highaddr>
  </regset>
  <map>
    <id>l2_r16_child</id>
    <shorttext>L2 regs</shorttext>
    <baseaddr>0x20000</baseaddr>
    <extroot>1</extroot>
    <regset>
      <id>base_regs</id>
      <parentpath>l2_r16_child</parentpath>
      <shorttext>base_regs registers</shorttext>
      <baseaddr>0x20000</baseaddr>
      <reg>
        <id>config_regs</id>
        <parentpath>l2_r16_child.base_regs</parentpath>
        <shorttext>Config reg set  config_regs</shorttext>
        <baseaddr>0x20000</baseaddr>
        <width>32</width>
        <reps>8</reps>
        <stride>0x4</stride>
        <field>
          <id>lsb_field</id>
          <shorttext>Bunch o lsb bits</shorttext>
          <access>RW</access>
          <hwinfo>
            <hwaccess>r</hwaccess>
          </hwinfo>
          <reset>ffff</reset>
          <lowidx>0</lowidx>
          <width>16</width>
        </field>
        <field>
          <id>msb_field</id>
          <shorttext>Bunch o msb bits</shorttext>
          <access>RW</access>
          <hwinfo>
            <hwaccess>r</hwaccess>
          </hwinfo>
          <reset>0</reset>
          <lowidx>16</lowidx>
          <width>16</width>
        </field>
        <access>RW</access>
      </reg>
      <reg>
        <id>state_regs</id>
        <parentpath>l2_r16_child.base_regs</parentpath>
        <shorttext>State regs</shorttext>
        <baseaddr>0x20100</baseaddr>
        <width>32</width>
        <reps>8</reps>
        <stride>0x4</stride>
        <field>
          <id>lsb_field</id>
          <shorttext>Some state bits</shorttext>
          <access>RO</access>
          <hwinfo>
            <hwaccess>w</hwaccess>
          </hwinfo>
          <reset>ffff</reset>
          <lowidx>0</lowidx>
          <width>16</width>
          <hwmod></hwmod>
        </field>
        <access>RO</access>
      </reg>
      <highaddr>0x2011f</highaddr>
    </regset>
    <regset>
      <id>ext_base_regs</id>
      <parentpath>l2_r16_child</parentpath>
      <shorttext>ext_base_regs registers</shorttext>
      <baseaddr>0x21000</baseaddr>
      <reg>
        <id>config_regs</id>
        <parentpath>l2_r16_child.ext_base_regs</parentpath>
        <shorttext>Config reg set  config_regs</shorttext>
        <baseaddr>0x21000</baseaddr>
        <width>32</width>
        <reps>8</reps>
        <stride>0x4</stride>
        <field>
          <id>lsb_field</id>
          <shorttext>Bunch o lsb bits</shorttext>
          <access>RW</access>
          <hwinfo>
            <hwaccess>r</hwaccess>
          </hwinfo>
          <reset>ffff</reset>
          <lowidx>0</lowidx>
          <width>16</width>
        </field>
        <field>
          <id>msb_field</id>
          <shorttext>Bunch o msb bits</shorttext>
          <access>RW</access>
          <hwinfo>
            <hwaccess>r</hwaccess>
          </hwinfo>
          <reset>0</reset>
          <lowidx>16</lowidx>
          <width>16</width>
        </field>
        <access>RW</access>
      </reg>
      <reg>
        <id>state_regs</id>
        <parentpath>l2_r16_child.ext_base_regs</parentpath>
        <shorttext>State regs</shorttext>
        <baseaddr>0x21100</baseaddr>
        <width>32</width>
        <reps>8</reps>
        <stride>0x4</stride>
        <field>
          <id>lsb_field</id>
          <shorttext>Some state bits</shorttext>
          <access>RO</access>
          <hwinfo>
            <hwaccess>w</hwaccess>
          </hwinfo>
          <reset>ffff</reset>
          <lowidx>0</lowidx>
          <width>16</width>
          <hwmod></hwmod>
        </field>
        <access>RO</access>
      </reg>
      <highaddr>0x2111f</highaddr>
    </regset>
    <map>
      <id>l3_child</id>
      <parentpath>l2_r16_child</parentpath>
      <shorttext>L3 regs</shorttext>
      <baseaddr>0x22000</baseaddr>
      <regset>
        <id>base_regs</id>
        <parentpath>l2_r16_child.l3_child</parentpath>
        <shorttext>base_regs registers</shorttext>
        <baseaddr>0x22000</baseaddr>
        <reg>
          <id>config_regs</id>
          <parentpath>l2_r16_child.l3_child.base_regs</parentpath>
          <shorttext>Config reg set  config_regs</shorttext>
          <baseaddr>0x22000</baseaddr>
          <width>32</width>
          <reps>8</reps>
          <stride>0x4</stride>
          <field>
            <id>lsb_field</id>
            <shorttext>Bunch o lsb bits</shorttext>
            <access>RW</access>
            <hwinfo>
              <hwaccess>r</hwaccess>
            </hwinfo>
            <reset>ffff</reset>
            <lowidx>0</lowidx>
            <width>16</width>
          </field>
          <field>
            <id>msb_field</id>
            <shorttext>Bunch o msb bits</shorttext>
            <access>RW</access>
            <hwinfo>
              <hwaccess>r</hwaccess>
            </hwinfo>
            <reset>0</reset>
            <lowidx>16</lowidx>
            <width>16</width>
          </field>
          <access>RW</access>
        </reg>
        <reg>
          <id>state_regs</id>
          <parentpath>l2_r16_child.l3_child.base_regs</parentpath>
          <shorttext>State regs</shorttext>
          <baseaddr>0x22100</baseaddr>
          <width>32</width>
          <reps>8</reps>
          <stride>0x4</stride>
          <field>
            <id>lsb_field</id>
            <shorttext>Some state bits</shorttext>
            <access>RO</access>
            <hwinfo>
              <hwaccess>w</hwaccess>
            </hwinfo>
            <reset>ffff</reset>
            <lowidx>0</lowidx>
            <width>16</width>
            <hwmod></hwmod>
          </field>
          <access>RO</access>
        </reg>
        <highaddr>0x2211f</highaddr>
      </regset>
      <regset>
        <id>ext_base_regs</id>
        <parentpath>l2_r16_child.l3_child</parentpath>
        <shorttext>ext_base_regs registers</shorttext>
        <baseaddr>0x22800</baseaddr>
        <reg>
          <id>config_regs</id>
          <parentpath>l2_r16_child.l3_child.ext_base_regs</parentpath>
          <shorttext>Config reg set  config_regs</shorttext>
          <baseaddr>0x22800</baseaddr>
          <width>32</width>
          <reps>8</reps>
          <stride>0x4</stride>
          <field>
            <id>lsb_field</id>
            <shorttext>Bunch o lsb bits</shorttext>
            <access>RW</access>
            <hwinfo>
              <hwaccess>r</hwaccess>
            </hwinfo>
            <reset>ffff</reset>
            <lowidx>0</lowidx>
            <width>16</width>
          </field>
          <field>
            <id>msb_field</id>
            <shorttext>Bunch o msb bits</shorttext>
            <access>RW</access>
            <hwinfo>
              <hwaccess>r</hwaccess>
            </hwinfo>
            <reset>0</reset>
            <lowidx>16</lowidx>
            <width>16</width>
          </field>
          <access>RW</access>
        </reg>
        <reg>
          <id>state_regs</id>
          <parentpath>l2_r16_child.l3_child.ext_base_regs</parentpath>
          <shorttext>State regs</shorttext>
          <baseaddr>0x22900</baseaddr>
          <width>32</width>
          <reps>8</reps>
          <stride>0x4</stride>
          <field>
            <id>lsb_field</id>
            <shorttext>Some state bits</shorttext>
            <access>RO</access>
            <hwinfo>
              <hwaccess>w</hwaccess>
            </hwinfo>
            <reset>ffff</reset>
            <lowidx>0</lowidx>
            <width>16</width>
            <hwmod></hwmod>
          </field>
          <access>RO</access>
        </reg>
        <highaddr>0x2291f</highaddr>
      </regset>
      <highaddr>0x229ff</highaddr>
    </map>
    <highaddr>0x229ff</highaddr>
  </map>
  <map>
    <id>l2_s8_child</id>
    <shorttext>L2 regs</shorttext>
    <baseaddr>0x30000</baseaddr>
    <extroot>1</extroot>
    <regset>
      <id>base_regs</id>
      <parentpath>l2_s8_child</parentpath>
      <shorttext>base_regs registers</shorttext>
      <baseaddr>0x30000</baseaddr>
      <reg>
        <id>config_regs</id>
        <parentpath>l2_s8_child.base_regs</parentpath>
        <shorttext>Config reg set  config_regs</shorttext>
        <baseaddr>0x30000</baseaddr>
        <width>32</width>
        <reps>8</reps>
        <stride>0x4</stride>
        <field>
          <id>lsb_field</id>
          <shorttext>Bunch o lsb bits</shorttext>
          <access>RW</access>
          <hwinfo>
            <hwaccess>r</hwaccess>
          </hwinfo>
          <reset>ffff</reset>
          <lowidx>0</lowidx>
          <width>16</width>
        </field>
        <field>
          <id>msb_field</id>
          <shorttext>Bunch o msb bits</shorttext>
          <access>RW</access>
          <hwinfo>
            <hwaccess>r</hwaccess>
          </hwinfo>
          <reset>0</reset>
          <lowidx>16</lowidx>
          <width>16</width>
        </field>
        <access>RW</access>
      </reg>
      <reg>
        <id>state_regs</id>
        <parentpath>l2_s8_child.base_regs</parentpath>
        <shorttext>State regs</shorttext>
        <baseaddr>0x30100</baseaddr>
        <width>32</width>
        <reps>8</reps>
        <stride>0x4</stride>
        <field>
          <id>lsb_field</id>
          <shorttext>Some state bits</shorttext>
          <access>RO</access>
          <hwinfo>
            <hwaccess>w</hwaccess>
          </hwinfo>
          <reset>ffff</reset>
          <lowidx>0</lowidx>
          <width>16</width>
          <hwmod></hwmod>
        </field>
        <access>RO</access>
      </reg>
      <highaddr>0x3011f</highaddr>
    </regset>
    <regset>
      <id>ext_base_regs</id>
      <parentpath>l2_s8_child</parentpath>
      <shorttext>ext_base_regs registers</shorttext>
      <baseaddr>0x31000</baseaddr>
      <reg>
        <id>config_regs</id>
        <parentpath>l2_s8_child.ext_base_regs</parentpath>
        <shorttext>Config reg set  config_regs</shorttext>
        <baseaddr>0x31000</baseaddr>
        <width>32</width>
        <reps>8</reps>
        <stride>0x4</stride>
        <field>
          <id>lsb_field</id>
          <shorttext>Bunch o lsb bits</shorttext>
          <access>RW</access>
          <hwinfo>
            <hwaccess>r</hwaccess>
          </hwinfo>
          <reset>ffff</reset>
          <lowidx>0</lowidx>
          <width>16</width>
        </field>
        <field>
          <id>msb_field</id>
          <shorttext>Bunch o msb bits</shorttext>
          <access>RW</access>
          <hwinfo>
            <hwaccess>r</hwaccess>
          </hwinfo>
          <reset>0</reset>
          <lowidx>16</lowidx>
          <width>16</width>
        </field>
        <access>RW</access>
      </reg>
      <reg>
        <id>state_regs</id>
        <parentpath>l2_s8_child.ext_base_regs</parentpath>
        <shorttext>State regs</shorttext>
        <baseaddr>0x31100</baseaddr>
        <width>32</width>
        <reps>8</reps>
        <stride>0x4</stride>
        <field>
          <id>lsb_field</id>
          <shorttext>Some state bits</shorttext>
          <access>RO</access>
          <hwinfo>
            <hwaccess>w</hwaccess>
          </hwinfo>
          <reset>ffff</reset>
          <lowidx>0</lowidx>
          <width>16</width>
          <hwmod></hwmod>
        </field>
        <access>RO</access>
      </reg>
      <highaddr>0x3111f</highaddr>
    </regset>
    <map>
      <id>l3_child</id>
      <parentpath>l2_s8_child</parentpath>
      <shorttext>L3 regs</shorttext>
      <baseaddr>0x32000</baseaddr>
      <regset>
        <id>base_regs</id>
        <parentpath>l2_s8_child.l3_child</parentpath>
        <shorttext>base_regs registers</shorttext>
        <baseaddr>0x32000</baseaddr>
        <reg>
          <id>config_regs</id>
          <parentpath>l2_s8_child.l3_child.base_regs</parentpath>
          <shorttext>Config reg set  config_regs</shorttext>
          <baseaddr>0x32000</baseaddr>
          <width>32</width>
          <reps>8</reps>
          <stride>0x4</stride>
          <field>
            <id>lsb_field</id>
            <shorttext>Bunch o lsb bits</shorttext>
            <access>RW</access>
            <hwinfo>
              <hwaccess>r</hwaccess>
            </hwinfo>
            <reset>ffff</reset>
            <lowidx>0</lowidx>
            <width>16</width>
          </field>
          <field>
            <id>msb_field</id>
            <shorttext>Bunch o msb bits</shorttext>
            <access>RW</access>
            <hwinfo>
              <hwaccess>r</hwaccess>
            </hwinfo>
            <reset>0</reset>
            <lowidx>16</lowidx>
            <width>16</width>
          </field>
          <access>RW</access>
        </reg>
        <reg>
          <id>state_regs</id>
          <parentpath>l2_s8_child.l3_child.base_regs</parentpath>
          <shorttext>State regs</shorttext>
          <baseaddr>0x32100</baseaddr>
          <width>32</width>
          <reps>8</reps>
          <stride>0x4</stride>
          <field>
            <id>lsb_field</id>
            <shorttext>Some state bits</shorttext>
            <access>RO</access>
            <hwinfo>
              <hwaccess>w</hwaccess>
            </hwinfo>
            <reset>ffff</reset>
            <lowidx>0</lowidx>
            <width>16</width>
            <hwmod></hwmod>
          </field>
          <access>RO</access>
        </reg>
        <highaddr>0x3211f</highaddr>
      </regset>
      <regset>
        <id>ext_base_regs</id>
        <parentpath>l2_s8_child.l3_child</parentpath>
        <shorttext>ext_base_regs registers</shorttext>
        <baseaddr>0x32800</baseaddr>
        <reg>
          <id>config_regs</id>
          <parentpath>l2_s8_child.l3_child.ext_base_regs</parentpath>
          <shorttext>Config reg set  config_regs</shorttext>
          <baseaddr>0x32800</baseaddr>
          <width>32</width>
          <reps>8</reps>
          <stride>0x4</stride>
          <field>
            <id>lsb_field</id>
            <shorttext>Bunch o lsb bits</shorttext>
            <access>RW</access>
            <hwinfo>
              <hwaccess>r</hwaccess>
            </hwinfo>
            <reset>ffff</reset>
            <lowidx>0</lowidx>
            <width>16</width>
          </field>
          <field>
            <id>msb_field</id>
            <shorttext>Bunch o msb bits</shorttext>
            <access>RW</access>
            <hwinfo>
              <hwaccess>r</hwaccess>
            </hwinfo>
            <reset>0</reset>
            <lowidx>16</lowidx>
            <width>16</width>
          </field>
          <access>RW</access>
        </reg>
        <reg>
          <id>state_regs</id>
          <parentpath>l2_s8_child.l3_child.ext_base_regs</parentpath>
          <shorttext>State regs</shorttext>
          <baseaddr>0x32900</baseaddr>
          <width>32</width>
          <reps>8</reps>
          <stride>0x4</stride>
          <field>
            <id>lsb_field</id>
            <shorttext>Some state bits</shorttext>
            <access>RO</access>
            <hwinfo>
              <hwaccess>w</hwaccess>
            </hwinfo>
            <reset>ffff</reset>
            <lowidx>0</lowidx>
            <width>16</width>
            <hwmod></hwmod>
          </field>
          <access>RO</access>
        </reg>
        <highaddr>0x3291f</highaddr>
      </regset>
      <highaddr>0x329ff</highaddr>
    </map>
    <highaddr>0x329ff</highaddr>
  </map>
  <reg>
    <id>no_opt_reg</id>
    <shorttext>State reg</shorttext>
    <baseaddr>0x40000</baseaddr>
    <width>32</width>
    <extroot></extroot>
    <field>
      <id>lsb_field</id>
      <shorttext>Some state bits</shorttext>
      <access>RO</access>
      <hwinfo>
        <hwaccess>w</hwaccess>
      </hwinfo>
      <reset>ffff</reset>
      <lowidx>0</lowidx>
      <width>16</width>
      <hwmod></hwmod>
    </field>
    <access>RO</access>
  </reg>
  <reg>
    <id>opt_reg</id>
    <shorttext>State reg</shorttext>
    <baseaddr>0x40010</baseaddr>
    <width>32</width>
    <extroot></extroot>
    <field>
      <id>lsb_field</id>
      <shorttext>Some state bits</shorttext>
      <access>RO</access>
      <hwinfo>
        <hwaccess>w</hwaccess>
      </hwinfo>
      <reset>ffff</reset>
      <lowidx>0</lowidx>
      <width>16</width>
      <hwmod></hwmod>
    </field>
    <access>RO</access>
  </reg>
</map>
