<?xml version="1.0" encoding="UTF-8"?>
<!--   Ordt 191120.01 autogenerated file 
       Input: ./rdl_hello/test.rdl
       Parms: ./rdl_hello/test.parms
       Date: Wed Nov 20 22:19:44 EST 2019
 -->

<map version="191120.01">
  <id>foo</id>
  <baseaddr>0</baseaddr>
  <shorttext>foo registers</shorttext>
  <longtext><![CDATA[this is a bunch of foo regs bla bla bla]]></longtext>
  <regset>
    <id>bar</id>
    <shorttext>bar registers</shorttext>
    <baseaddr>0x0</baseaddr>
    <longtext><![CDATA[this is a bunch of bar regs bla bla bla]]></longtext>
    <reg>
      <id>a_reg</id>
      <parentpath>bar</parentpath>
      <shorttext>a_reg register</shorttext>
      <baseaddr>0x0</baseaddr>
      <width>32</width>
      <reps>2</reps>
      <stride>0x4</stride>
      <field>
        <id>fld1</id>
        <shorttext>field 1</shorttext>
        <access>RW</access>
        <hwinfo>
          <hwaccess>rw</hwaccess>
          <we></we>
        </hwinfo>
        <reset>0x0</reset>
        <lowidx>0</lowidx>
        <width>10</width>
        <hwmod></hwmod>
      </field>
      <field>
        <id>fld2</id>
        <shorttext>field 2</shorttext>
        <access>RW</access>
        <hwinfo>
          <hwaccess>r</hwaccess>
        </hwinfo>
        <lowidx>15</lowidx>
        <width>1</width>
      </field>
      <field>
        <id>ERR25</id>
        <shorttext>ERR25 field</shorttext>
        <access>RW</access>
        <hwinfo>
          <hwaccess>r</hwaccess>
        </hwinfo>
        <reset>0x1</reset>
        <lowidx>25</lowidx>
        <width>1</width>
        <enum_encode>
          <enc_name>ERRSLICE0_MISSIONERR_ENABLE_ERR25_enum</enc_name>
          <enc_elem>
            <enc_elem_name>DISABLE</enc_elem_name>
            <enc_elem_value>0x0</enc_elem_value>
          </enc_elem>
          <enc_elem>
            <enc_elem_name>ENABLE</enc_elem_name>
            <enc_elem_value>0x1</enc_elem_value>
          </enc_elem>
        </enum_encode>
      </field>
      <access>RW</access>
    </reg>
    <highaddr>0x7</highaddr>
  </regset>
</map>
