<?xml version="1.0" encoding="UTF-8"?>
<!--   Ordt 191120.01 autogenerated file 
       Input: ./rdl_basic_01/test.rdl
       Parms: ./rdl_basic_01/test.parms
       Date: Wed Nov 20 22:19:43 EST 2019
 -->

<map version="191120.01">
  <id>simple1</id>
  <baseaddr>0</baseaddr>
  <shorttext>simple1 registers</shorttext>
  <regset>
    <id>stats</id>
    <shorttext>stats registers</shorttext>
    <baseaddr>0x1000</baseaddr>
    <reg>
      <id>disable_check</id>
      <parentpath>stats</parentpath>
      <shorttext>disable_check register</shorttext>
      <baseaddr>0x1000</baseaddr>
      <width>32</width>
      <reps>2</reps>
      <stride>0x80</stride>
      <field>
        <id>timer_sram</id>
        <shorttext>timer_sram field</shorttext>
        <access>RW</access>
        <hwinfo>
          <hwaccess>r</hwaccess>
        </hwinfo>
        <reset>0x0</reset>
        <lowidx>0</lowidx>
        <width>1</width>
      </field>
      <field>
        <id>cbuf_fifo</id>
        <shorttext>cbuf_fifo field</shorttext>
        <access>RW</access>
        <hwinfo>
          <hwaccess>r</hwaccess>
        </hwinfo>
        <reset>0x0</reset>
        <lowidx>1</lowidx>
        <width>1</width>
      </field>
      <field>
        <id>lut_st</id>
        <shorttext>lut_st field</shorttext>
        <access>RW</access>
        <hwinfo>
          <hwaccess>r</hwaccess>
        </hwinfo>
        <reset>0x0</reset>
        <lowidx>2</lowidx>
        <width>1</width>
      </field>
      <field>
        <id>l0_b0</id>
        <shorttext>l0_b0 field</shorttext>
        <access>RW</access>
        <hwinfo>
          <hwaccess>r</hwaccess>
        </hwinfo>
        <reset>0x0</reset>
        <lowidx>3</lowidx>
        <width>1</width>
        <hwmod></hwmod>
        <intr>
          <type>LEVEL</type>
          <stickytype>STICKYBIT</stickytype>
        </intr>
      </field>
      <field>
        <id>l0_b1</id>
        <shorttext>l0_b1 field</shorttext>
        <access>RW</access>
        <hwinfo>
          <hwaccess>r</hwaccess>
        </hwinfo>
        <reset>0x0</reset>
        <lowidx>4</lowidx>
        <width>1</width>
        <hwmod></hwmod>
        <intr>
          <type>LEVEL</type>
          <stickytype>STICKYBIT</stickytype>
        </intr>
      </field>
      <field>
        <id>l0_b2</id>
        <shorttext>l0_b2 field</shorttext>
        <access>RW</access>
        <hwinfo>
          <hwaccess>r</hwaccess>
        </hwinfo>
        <reset>0x0</reset>
        <lowidx>5</lowidx>
        <width>1</width>
        <hwmod></hwmod>
        <intr>
          <type>LEVEL</type>
          <stickytype>STICKYBIT</stickytype>
          <halt></halt>
        </intr>
      </field>
      <field>
        <id>l0_b3</id>
        <shorttext>l0_b3 field</shorttext>
        <access>RW</access>
        <hwinfo>
          <hwaccess>r</hwaccess>
        </hwinfo>
        <reset>0x0</reset>
        <lowidx>6</lowidx>
        <width>1</width>
      </field>
      <access>RW</access>
    </reg>
    <reg>
      <id>features</id>
      <parentpath>stats</parentpath>
      <shorttext>features register</shorttext>
      <baseaddr>0x1100</baseaddr>
      <width>32</width>
      <field>
        <id>version</id>
        <shorttext>version field</shorttext>
        <access>RO</access>
        <hwinfo>
          <hwaccess>na</hwaccess>
        </hwinfo>
        <reset>0x2</reset>
        <lowidx>30</lowidx>
        <width>2</width>
      </field>
      <field>
        <id>default_rst_fld</id>
        <shorttext>default_rst_fld field</shorttext>
        <access>RW</access>
        <hwinfo>
          <hwaccess>na</hwaccess>
        </hwinfo>
        <reset>0x0</reset>
        <lowidx>16</lowidx>
        <width>2</width>
      </field>
      <field>
        <id>alt_rst_fld</id>
        <shorttext>alt_rst_fld field</shorttext>
        <access>RW</access>
        <hwinfo>
          <hwaccess>na</hwaccess>
        </hwinfo>
        <reset>0x0</reset>
        <lowidx>14</lowidx>
        <width>2</width>
      </field>
      <field>
        <id>syn_logged</id>
        <shorttext>syn_logged field</shorttext>
        <access>RO</access>
        <hwinfo>
          <hwaccess>na</hwaccess>
        </hwinfo>
        <reset>0x0</reset>
        <lowidx>9</lowidx>
        <width>1</width>
      </field>
      <field>
        <id>wdth</id>
        <shorttext>wdth field</shorttext>
        <access>RO</access>
        <hwinfo>
          <hwaccess>na</hwaccess>
          <ored></ored>
        </hwinfo>
        <reset>0x7</reset>
        <lowidx>4</lowidx>
        <width>5</width>
      </field>
      <field>
        <id>generator</id>
        <shorttext>generator field</shorttext>
        <access>RO</access>
        <hwinfo>
          <hwaccess>na</hwaccess>
          <anded></anded>
        </hwinfo>
        <reset>0x1</reset>
        <lowidx>3</lowidx>
        <width>1</width>
      </field>
      <field>
        <id>checker</id>
        <shorttext>checker field</shorttext>
        <access>RO</access>
        <hwinfo>
          <hwaccess>na</hwaccess>
          <xored></xored>
        </hwinfo>
        <reset>0x1</reset>
        <lowidx>2</lowidx>
        <width>1</width>
      </field>
      <field>
        <id>correctable</id>
        <shorttext>correctable field</shorttext>
        <access>RO</access>
        <hwinfo>
          <hwaccess>na</hwaccess>
        </hwinfo>
        <reset>0x0</reset>
        <lowidx>1</lowidx>
        <width>1</width>
      </field>
      <field>
        <id>adr_logged</id>
        <shorttext>adr_logged field</shorttext>
        <access>RO</access>
        <hwinfo>
          <hwaccess>na</hwaccess>
        </hwinfo>
        <reset>0x1</reset>
        <lowidx>0</lowidx>
        <width>1</width>
      </field>
      <access>RW</access>
    </reg>
    <reg>
      <id>log_address1</id>
      <parentpath>stats</parentpath>
      <shorttext>log_address1 register</shorttext>
      <baseaddr>0x1104</baseaddr>
      <width>32</width>
      <longtext><![CDATA[newdesc bla bla]]></longtext>
      <field>
        <id>value</id>
        <shorttext>value field</shorttext>
        <access>RW</access>
        <hwinfo>
          <hwaccess>w</hwaccess>
          <we></we>
        </hwinfo>
        <reset>0x0</reset>
        <lowidx>0</lowidx>
        <width>10</width>
        <hwmod></hwmod>
      </field>
      <catcode>32</catcode>
      <access>RW</access>
    </reg>
    <reg>
      <id>log_address2</id>
      <parentpath>stats</parentpath>
      <shorttext>log_address2 register</shorttext>
      <baseaddr>0x1110</baseaddr>
      <width>32</width>
      <longtext><![CDATA[newdesc 2 bla bla]]></longtext>
      <field>
        <id>value</id>
        <shorttext>value field</shorttext>
        <access>RW</access>
        <hwinfo>
          <hwaccess>w</hwaccess>
          <we></we>
        </hwinfo>
        <reset>0x0</reset>
        <lowidx>0</lowidx>
        <width>10</width>
        <hwmod></hwmod>
      </field>
      <catcode>32</catcode>
      <access>RW</access>
    </reg>
    <reg>
      <id>wide_reg</id>
      <parentpath>stats</parentpath>
      <shorttext>wide_reg register</shorttext>
      <baseaddr>0x1120</baseaddr>
      <width>128</width>
      <field>
        <id>value</id>
        <shorttext>value field</shorttext>
        <access>RW</access>
        <hwinfo>
          <hwaccess>rw</hwaccess>
          <we></we>
        </hwinfo>
        <reset>0xa5a5a5a5a5a5a5a5a5a5a5a5</reset>
        <lowidx>0</lowidx>
        <width>96</width>
        <hwmod></hwmod>
      </field>
      <access>RW</access>
    </reg>
    <highaddr>0x112f</highaddr>
  </regset>
  <regset>
    <id>rdr</id>
    <shorttext>rdr registers</shorttext>
    <baseaddr>0x4000</baseaddr>
    <reg>
      <id>reorder_window</id>
      <parentpath>rdr</parentpath>
      <shorttext>reorder_window register</shorttext>
      <baseaddr>0x4000</baseaddr>
      <width>32</width>
      <field>
        <id>ws_enable</id>
        <shorttext>ws_enable field</shorttext>
        <access>RW</access>
        <hwinfo>
          <hwaccess>r</hwaccess>
        </hwinfo>
        <reset>0x1</reset>
        <lowidx>31</lowidx>
        <width>1</width>
        <longtext><![CDATA[SW Configuration field]]></longtext>
      </field>
      <field>
        <id>set_back</id>
        <shorttext>set_back field</shorttext>
        <access>RW</access>
        <hwinfo>
          <hwaccess>r</hwaccess>
        </hwinfo>
        <reset>0x10</reset>
        <lowidx>16</lowidx>
        <width>11</width>
        <longtext><![CDATA[SW Configuration field]]></longtext>
      </field>
      <field>
        <id>size</id>
        <shorttext>size field</shorttext>
        <access>RW</access>
        <hwinfo>
          <hwaccess>r</hwaccess>
        </hwinfo>
        <reset>0x80</reset>
        <lowidx>0</lowidx>
        <width>11</width>
        <longtext><![CDATA[SW Configuration field]]></longtext>
      </field>
      <catcode>32</catcode>
      <access>RW</access>
    </reg>
    <reg>
      <id>stream_reconf</id>
      <parentpath>rdr</parentpath>
      <shorttext>stream_reconf register</shorttext>
      <baseaddr>0x4004</baseaddr>
      <width>32</width>
      <field>
        <id>busy</id>
        <shorttext>busy field</shorttext>
        <access>RO</access>
        <hwinfo>
          <hwaccess>w</hwaccess>
        </hwinfo>
        <reset>0x0</reset>
        <lowidx>16</lowidx>
        <width>1</width>
        <hwmod></hwmod>
        <longtext><![CDATA[HW Status field]]></longtext>
      </field>
      <field>
        <id>stream</id>
        <shorttext>stream field</shorttext>
        <access>RW</access>
        <hwinfo>
          <hwaccess>r</hwaccess>
        </hwinfo>
        <reset>0x0</reset>
        <lowidx>0</lowidx>
        <width>10</width>
        <longtext><![CDATA[SW Configuration field]]></longtext>
      </field>
      <access>RW</access>
    </reg>
    <regset>
      <id>cp_fp_wr</id>
      <parentpath>rdr</parentpath>
      <shorttext>cp_fp_wr registers</shorttext>
      <baseaddr>0x61c0</baseaddr>
      <extroot>1</extroot>
      <reg>
        <id>buffer</id>
        <parentpath>rdr.cp_fp_wr</parentpath>
        <shorttext>buffer register</shorttext>
        <baseaddr>0x61c0</baseaddr>
        <width>32</width>
        <reps>4</reps>
        <stride>0x4</stride>
        <field>
          <id>addr0</id>
          <shorttext>addr0 field</shorttext>
          <access>RO</access>
          <hwinfo>
            <hwaccess>w</hwaccess>
          </hwinfo>
          <lowidx>16</lowidx>
          <width>11</width>
          <hwmod></hwmod>
          <longtext><![CDATA[HW Status field]]></longtext>
        </field>
        <field>
          <id>addr1</id>
          <shorttext>addr1 field</shorttext>
          <access>RO</access>
          <hwinfo>
            <hwaccess>w</hwaccess>
          </hwinfo>
          <lowidx>0</lowidx>
          <width>11</width>
          <hwmod></hwmod>
          <longtext><![CDATA[HW Status field]]></longtext>
        </field>
        <catcode>32</catcode>
        <access>RO</access>
      </reg>
      <highaddr>0x61cf</highaddr>
    </regset>
    <reg>
      <id>roll32_counter_reg</id>
      <parentpath>rdr</parentpath>
      <shorttext>roll32_counter_reg register</shorttext>
      <baseaddr>0x61d0</baseaddr>
      <width>32</width>
      <field>
        <id>count</id>
        <shorttext>count field</shorttext>
        <access>RW</access>
        <hwinfo>
          <hwaccess>rw</hwaccess>
          <we></we>
        </hwinfo>
        <reset>0x0</reset>
        <lowidx>0</lowidx>
        <width>4</width>
        <hwmod></hwmod>
        <counter>
          <incr>
            <overflow></overflow>
            <incrvalue>0x1</incrvalue>
          </incr>
        </counter>
      </field>
      <access>RW</access>
    </reg>
    <reg>
      <id>sat32_counter_reg</id>
      <parentpath>rdr</parentpath>
      <shorttext>sat32_counter_reg register</shorttext>
      <baseaddr>0x61d4</baseaddr>
      <width>32</width>
      <field>
        <id>count</id>
        <shorttext>count field</shorttext>
        <access>WRC</access>
        <hwinfo>
          <hwaccess>rw</hwaccess>
          <we></we>
        </hwinfo>
        <reset>0x0</reset>
        <lowidx>0</lowidx>
        <width>4</width>
        <hwmod></hwmod>
        <dontcompare></dontcompare>
        <counter>
          <incr>
            <saturate>no_output</saturate>
            <incrvalue>0x1</incrvalue>
            <satvalue>0xf</satvalue>
            <threshold>0x8</threshold>
          </incr>
        </counter>
      </field>
      <access>WRC</access>
    </reg>
    <reg>
      <id>rcnt_sat_log</id>
      <parentpath>rdr</parentpath>
      <shorttext>rcnt_sat_log register</shorttext>
      <baseaddr>0x61d8</baseaddr>
      <width>32</width>
      <field>
        <id>en</id>
        <shorttext>en field</shorttext>
        <access>RW</access>
        <hwinfo>
          <hwaccess>r</hwaccess>
        </hwinfo>
        <reset>0x1</reset>
        <lowidx>31</lowidx>
        <width>1</width>
        <longtext><![CDATA[SW Configuration field]]></longtext>
      </field>
      <field>
        <id>subch</id>
        <shorttext>subch field</shorttext>
        <access>WRC</access>
        <hwinfo>
          <hwaccess>w</hwaccess>
          <we></we>
        </hwinfo>
        <reset>0x0</reset>
        <lowidx>26</lowidx>
        <width>5</width>
        <hwmod></hwmod>
      </field>
      <field>
        <id>str</id>
        <shorttext>str field</shorttext>
        <access>WRC</access>
        <hwinfo>
          <hwaccess>w</hwaccess>
          <we></we>
        </hwinfo>
        <reset>0x0</reset>
        <lowidx>16</lowidx>
        <width>10</width>
        <hwmod></hwmod>
        <subcatcode>1</subcatcode>
      </field>
      <field>
        <id>count</id>
        <shorttext>count field</shorttext>
        <access>WRC</access>
        <hwinfo>
          <hwaccess>rw</hwaccess>
          <we></we>
        </hwinfo>
        <reset>0x0</reset>
        <lowidx>0</lowidx>
        <width>16</width>
        <hwmod></hwmod>
        <counter>
          <incr>
            <saturate>no_output</saturate>
            <incrvalue>0x1</incrvalue>
            <satvalue>0xffff</satvalue>
          </incr>
        </counter>
      </field>
      <access>RW</access>
    </reg>
    <highaddr>0x61db</highaddr>
  </regset>
  <reg>
    <id>extra_reg</id>
    <shorttext>extra_reg name</shorttext>
    <baseaddr>0x61dc</baseaddr>
    <width>32</width>
    <longtext><![CDATA[extra_reg description bla bla bla
                more bla]]></longtext>
    <field>
      <id>value</id>
      <shorttext>value field</shorttext>
      <access>RW</access>
      <hwinfo>
        <hwaccess>r</hwaccess>
      </hwinfo>
      <lowidx>0</lowidx>
      <width>32</width>
      <longtext><![CDATA[SW Configuration field]]></longtext>
    </field>
    <catcode>2</catcode>
    <access>RW</access>
  </reg>
</map>
