<?xml version="1.0" encoding="UTF-8"?>
<!--   Ordt 230719.01 autogenerated file 
       Input: ./rdl_c_header/test.rdl
       Parms: ./rdl_c_header/test.parms
       Date: Thu Jul 20 12:53:13 EDT 2023
 -->

<map version="230719.01">
  <id>example_addr_map</id>
  <baseaddr>0</baseaddr>
  <shorttext>example_addr_map registers</shorttext>
  <reg>
    <id>r0</id>
    <shorttext>DEVICE_ID</shorttext>
    <baseaddr>0x0</baseaddr>
    <width>32</width>
    <longtext><![CDATA[Register with Device identifier.]]></longtext>
    <field>
      <id>f0</id>
      <shorttext>FLD_A</shorttext>
      <access>RW</access>
      <hwinfo>
        <hwaccess>r</hwaccess>
      </hwinfo>
      <reset>0x2</reset>
      <lowidx>0</lowidx>
      <width>8</width>
      <longtext><![CDATA[Description of FLD_A]]></longtext>
    </field>
    <field>
      <id>f1</id>
      <shorttext>FLD_B</shorttext>
      <access>RW</access>
      <hwinfo>
        <hwaccess>r</hwaccess>
      </hwinfo>
      <reset>0x4</reset>
      <lowidx>8</lowidx>
      <width>8</width>
      <longtext><![CDATA[Description of FLD_B]]></longtext>
    </field>
    <field>
      <id>f2</id>
      <shorttext>FLD_C</shorttext>
      <access>RW</access>
      <hwinfo>
        <hwaccess>r</hwaccess>
      </hwinfo>
      <reset>0xa0b</reset>
      <lowidx>16</lowidx>
      <width>16</width>
      <longtext><![CDATA[Description of example field]]></longtext>
    </field>
    <catcode>2</catcode>
    <access>RW</access>
  </reg>
  <reg>
    <id>r1</id>
    <shorttext>SPI_CONFIG</shorttext>
    <baseaddr>0x4</baseaddr>
    <width>32</width>
    <longtext><![CDATA[Register with revision number]]></longtext>
    <field>
      <id>f0</id>
      <shorttext>REV_MINOR</shorttext>
      <access>RW</access>
      <hwinfo>
        <hwaccess>r</hwaccess>
      </hwinfo>
      <reset>0x1</reset>
      <lowidx>0</lowidx>
      <width>4</width>
      <longtext><![CDATA[Minor revision number]]></longtext>
    </field>
    <field>
      <id>f1</id>
      <shorttext>REV_MAJOR</shorttext>
      <access>RW</access>
      <hwinfo>
        <hwaccess>r</hwaccess>
      </hwinfo>
      <reset>0x0</reset>
      <lowidx>4</lowidx>
      <width>4</width>
      <longtext><![CDATA[Major revision number]]></longtext>
    </field>
    <catcode>2</catcode>
    <access>RW</access>
  </reg>
  <reg>
    <id>r2</id>
    <shorttext>SPI_STATUS</shorttext>
    <baseaddr>0x8</baseaddr>
    <width>32</width>
    <longtext><![CDATA[Register with revision number]]></longtext>
    <field>
      <id>f0</id>
      <shorttext>MASTER</shorttext>
      <access>RW</access>
      <hwinfo>
        <hwaccess>r</hwaccess>
      </hwinfo>
      <reset>0x1</reset>
      <lowidx>2</lowidx>
      <width>2</width>
      <longtext><![CDATA[master enable]]></longtext>
    </field>
    <field>
      <id>f2</id>
      <shorttext>MASTER1</shorttext>
      <access>RW</access>
      <hwinfo>
        <hwaccess>r</hwaccess>
      </hwinfo>
      <reset>0x1</reset>
      <lowidx>0</lowidx>
      <width>2</width>
      <longtext><![CDATA[master enable]]></longtext>
    </field>
    <field>
      <id>f3</id>
      <shorttext>TRANSFER</shorttext>
      <access>RW</access>
      <hwinfo>
        <hwaccess>r</hwaccess>
      </hwinfo>
      <reset>0x0</reset>
      <lowidx>4</lowidx>
      <width>4</width>
      <longtext><![CDATA[transferring]]></longtext>
    </field>
    <catcode>2</catcode>
    <access>RW</access>
  </reg>
</map>
