<?xml version="1.0" encoding="UTF-8"?>
<!--   Ordt 190725.01 autogenerated file 
       Input: ./rdl_iwrap/test.rdl
       Parms: ./rdl_iwrap/test.parms
       Date: Sun Nov 17 17:08:22 EST 2019
 -->

<map version="190725.01">
  <id>top</id>
  <baseaddr>0x0</baseaddr>
  <shorttext>top registers</shorttext>
  <regset>
    <id>regs_none</id>
    <shorttext>regs_none registers</shorttext>
    <baseaddr>0x0</baseaddr>
    <reg>
      <id>reg_none</id>
      <parentpath>regs_none</parentpath>
      <shorttext>reg_none register</shorttext>
      <baseaddr>0x0</baseaddr>
      <width>32</width>
      <field>
        <id>fld_none</id>
        <shorttext>fld_none field</shorttext>
        <access>RW</access>
        <hwinfo>
          <hwaccess>rw</hwaccess>
          <we></we>
        </hwinfo>
        <reset>0</reset>
        <lowidx>0</lowidx>
        <width>1</width>
        <hwmod></hwmod>
      </field>
      <field>
        <id>fld_gen</id>
        <shorttext>fld_gen field</shorttext>
        <access>RW</access>
        <hwinfo>
          <hwaccess>rw</hwaccess>
          <we></we>
        </hwinfo>
        <reset>0</reset>
        <lowidx>1</lowidx>
        <width>1</width>
        <hwmod></hwmod>
      </field>
      <field>
        <id>fld_ext</id>
        <shorttext>fld_ext field</shorttext>
        <access>RW</access>
        <hwinfo>
          <hwaccess>rw</hwaccess>
          <we></we>
        </hwinfo>
        <reset>0</reset>
        <lowidx>2</lowidx>
        <width>1</width>
        <hwmod></hwmod>
      </field>
      <field>
        <id>fld_int</id>
        <shorttext>fld_int field</shorttext>
        <access>RW</access>
        <hwinfo>
          <hwaccess>rw</hwaccess>
          <we></we>
        </hwinfo>
        <reset>0</reset>
        <lowidx>3</lowidx>
        <width>1</width>
        <hwmod></hwmod>
      </field>
      <access>RW</access>
    </reg>
    <reg>
      <id>reg_int</id>
      <parentpath>regs_none</parentpath>
      <shorttext>reg_int register</shorttext>
      <baseaddr>0x4</baseaddr>
      <width>32</width>
      <field>
        <id>fld_none</id>
        <shorttext>fld_none field</shorttext>
        <access>RW</access>
        <hwinfo>
          <hwaccess>rw</hwaccess>
          <we></we>
        </hwinfo>
        <reset>0</reset>
        <lowidx>0</lowidx>
        <width>1</width>
        <hwmod></hwmod>
      </field>
      <field>
        <id>fld_gen</id>
        <shorttext>fld_gen field</shorttext>
        <access>RW</access>
        <hwinfo>
          <hwaccess>rw</hwaccess>
          <we></we>
        </hwinfo>
        <reset>0</reset>
        <lowidx>1</lowidx>
        <width>1</width>
        <hwmod></hwmod>
      </field>
      <field>
        <id>fld_ext</id>
        <shorttext>fld_ext field</shorttext>
        <access>RW</access>
        <hwinfo>
          <hwaccess>rw</hwaccess>
          <we></we>
        </hwinfo>
        <reset>0</reset>
        <lowidx>2</lowidx>
        <width>1</width>
        <hwmod></hwmod>
      </field>
      <field>
        <id>fld_int</id>
        <shorttext>fld_int field</shorttext>
        <access>RW</access>
        <hwinfo>
          <hwaccess>rw</hwaccess>
          <we></we>
        </hwinfo>
        <reset>0</reset>
        <lowidx>3</lowidx>
        <width>1</width>
        <hwmod></hwmod>
      </field>
      <access>RW</access>
    </reg>
    <highaddr>0x7</highaddr>
  </regset>
  <regset>
    <id>regs_ext</id>
    <shorttext>regs_ext registers</shorttext>
    <baseaddr>0x8</baseaddr>
    <reg>
      <id>reg_none</id>
      <parentpath>regs_ext</parentpath>
      <shorttext>reg_none register</shorttext>
      <baseaddr>0x8</baseaddr>
      <width>32</width>
      <field>
        <id>fld_none</id>
        <shorttext>fld_none field</shorttext>
        <access>RW</access>
        <hwinfo>
          <hwaccess>rw</hwaccess>
          <we></we>
        </hwinfo>
        <reset>0</reset>
        <lowidx>0</lowidx>
        <width>1</width>
        <hwmod></hwmod>
      </field>
      <field>
        <id>fld_gen</id>
        <shorttext>fld_gen field</shorttext>
        <access>RW</access>
        <hwinfo>
          <hwaccess>rw</hwaccess>
          <we></we>
        </hwinfo>
        <reset>0</reset>
        <lowidx>1</lowidx>
        <width>1</width>
        <hwmod></hwmod>
      </field>
      <field>
        <id>fld_ext</id>
        <shorttext>fld_ext field</shorttext>
        <access>RW</access>
        <hwinfo>
          <hwaccess>rw</hwaccess>
          <we></we>
        </hwinfo>
        <reset>0</reset>
        <lowidx>2</lowidx>
        <width>1</width>
        <hwmod></hwmod>
      </field>
      <field>
        <id>fld_int</id>
        <shorttext>fld_int field</shorttext>
        <access>RW</access>
        <hwinfo>
          <hwaccess>rw</hwaccess>
          <we></we>
        </hwinfo>
        <reset>0</reset>
        <lowidx>3</lowidx>
        <width>1</width>
        <hwmod></hwmod>
      </field>
      <access>RW</access>
    </reg>
    <reg>
      <id>reg_int</id>
      <parentpath>regs_ext</parentpath>
      <shorttext>reg_int register</shorttext>
      <baseaddr>0xc</baseaddr>
      <width>32</width>
      <field>
        <id>fld_none</id>
        <shorttext>fld_none field</shorttext>
        <access>RW</access>
        <hwinfo>
          <hwaccess>rw</hwaccess>
          <we></we>
        </hwinfo>
        <reset>0</reset>
        <lowidx>0</lowidx>
        <width>1</width>
        <hwmod></hwmod>
      </field>
      <field>
        <id>fld_gen</id>
        <shorttext>fld_gen field</shorttext>
        <access>RW</access>
        <hwinfo>
          <hwaccess>rw</hwaccess>
          <we></we>
        </hwinfo>
        <reset>0</reset>
        <lowidx>1</lowidx>
        <width>1</width>
        <hwmod></hwmod>
      </field>
      <field>
        <id>fld_ext</id>
        <shorttext>fld_ext field</shorttext>
        <access>RW</access>
        <hwinfo>
          <hwaccess>rw</hwaccess>
          <we></we>
        </hwinfo>
        <reset>0</reset>
        <lowidx>2</lowidx>
        <width>1</width>
        <hwmod></hwmod>
      </field>
      <field>
        <id>fld_int</id>
        <shorttext>fld_int field</shorttext>
        <access>RW</access>
        <hwinfo>
          <hwaccess>rw</hwaccess>
          <we></we>
        </hwinfo>
        <reset>0</reset>
        <lowidx>3</lowidx>
        <width>1</width>
        <hwmod></hwmod>
      </field>
      <access>RW</access>
    </reg>
    <highaddr>0xf</highaddr>
  </regset>
  <reg>
    <id>wrap_info_reg</id>
    <shorttext>wrap_info_reg register</shorttext>
    <baseaddr>0x200</baseaddr>
    <width>32</width>
    <field>
      <id>bar1</id>
      <shorttext>bar1 field</shorttext>
      <access>RW</access>
      <hwinfo>
        <hwaccess>r</hwaccess>
      </hwinfo>
      <reset>0</reset>
      <lowidx>0</lowidx>
      <width>1</width>
    </field>
    <field>
      <id>bar2</id>
      <shorttext>bar2 field</shorttext>
      <access>RW</access>
      <hwinfo>
        <hwaccess>r</hwaccess>
      </hwinfo>
      <reset>0</reset>
      <lowidx>1</lowidx>
      <width>1</width>
    </field>
    <field>
      <id>bar3</id>
      <shorttext>bar3 field</shorttext>
      <access>RW</access>
      <hwinfo>
        <hwaccess>r</hwaccess>
      </hwinfo>
      <reset>0</reset>
      <lowidx>2</lowidx>
      <width>1</width>
    </field>
    <access>RW</access>
  </reg>
</map>
