<?xml version="1.0" encoding="UTF-8"?>
<!--   Ordt 190725.01 autogenerated file 
       Input: ./rdl_write_enable/test.rdl
       Parms: ./rdl_write_enable/test.parms
       Date: Sun Nov 17 17:08:32 EST 2019
 -->

<map version="190725.01">
  <id>foo</id>
  <baseaddr>0</baseaddr>
  <shorttext>foo registers</shorttext>
  <reg>
    <id>intr_reg</id>
    <shorttext>intr_reg register</shorttext>
    <baseaddr>0x0</baseaddr>
    <width>32</width>
    <field>
      <id>count_fld</id>
      <shorttext>count_fld field</shorttext>
      <access>RW</access>
      <hwinfo>
        <hwaccess>r</hwaccess>
        <hwset></hwset>
        <hwclr></hwclr>
        <swwel></swwel>
      </hwinfo>
      <reset>55</reset>
      <lowidx>0</lowidx>
      <width>8</width>
      <hwmod></hwmod>
      <counter>
        <incr>
          <incrvalue>0x1</incrvalue>
        </incr>
      </counter>
    </field>
    <field>
      <id>intr1</id>
      <shorttext>intr1 field</shorttext>
      <access>RW</access>
      <hwinfo>
        <hwaccess>r</hwaccess>
      </hwinfo>
      <reset>0</reset>
      <lowidx>8</lowidx>
      <width>1</width>
      <hwmod></hwmod>
      <intr>
        <type>LEVEL</type>
        <stickytype>STICKYBIT</stickytype>
      </intr>
    </field>
    <field>
      <id>intr2</id>
      <shorttext>intr2 field</shorttext>
      <access>RW</access>
      <hwinfo>
        <hwaccess>r</hwaccess>
      </hwinfo>
      <reset>0</reset>
      <lowidx>9</lowidx>
      <width>1</width>
      <hwmod></hwmod>
      <intr>
        <type>LEVEL</type>
        <stickytype>STICKYBIT</stickytype>
      </intr>
    </field>
    <access>RW</access>
  </reg>
  <reg>
    <id>log_reg</id>
    <shorttext>log_reg register</shorttext>
    <baseaddr>0x4</baseaddr>
    <width>32</width>
    <field>
      <id>log_err</id>
      <shorttext>log_err field</shorttext>
      <access>RW</access>
      <hwinfo>
        <hwaccess>w</hwaccess>
      </hwinfo>
      <reset>4</reset>
      <lowidx>0</lowidx>
      <width>8</width>
      <hwmod></hwmod>
    </field>
    <field>
      <id>log_value</id>
      <shorttext>log_value field</shorttext>
      <access>RO</access>
      <hwinfo>
        <hwaccess>w</hwaccess>
      </hwinfo>
      <reset>0</reset>
      <lowidx>8</lowidx>
      <width>8</width>
      <hwmod></hwmod>
    </field>
    <catcode>32</catcode>
    <access>RW</access>
  </reg>
  <reg>
    <id>bigreg</id>
    <shorttext>bigreg register</shorttext>
    <baseaddr>0x8</baseaddr>
    <width>64</width>
    <field>
      <id>field64</id>
      <shorttext>field64 field</shorttext>
      <access>RW</access>
      <hwinfo>
        <hwaccess>na</hwaccess>
      </hwinfo>
      <reset>0</reset>
      <lowidx>0</lowidx>
      <width>64</width>
    </field>
    <access>RW</access>
  </reg>
  <map>
    <id>childmap_32b</id>
    <shorttext>childmap_32b registers</shorttext>
    <baseaddr>0x100</baseaddr>
    <extroot>1</extroot>
    <reg>
      <id>array_reg</id>
      <parentpath>childmap_32b</parentpath>
      <shorttext>array_reg register</shorttext>
      <baseaddr>0x100</baseaddr>
      <width>32</width>
      <reps>8</reps>
      <stride>0x4</stride>
      <field>
        <id>field32</id>
        <shorttext>field32 field</shorttext>
        <access>RW</access>
        <hwinfo>
          <hwaccess>na</hwaccess>
        </hwinfo>
        <reset>0</reset>
        <lowidx>0</lowidx>
        <width>32</width>
      </field>
      <access>RW</access>
    </reg>
    <highaddr>0x11f</highaddr>
  </map>
</map>
